21:02:03 | INFO    | run_logger | [actions] run_start {'module': 'test_model', 'argv': ['test_model.py'], 'cwd': 'E:\\ML-CB-B-identifier'}
21:02:03 | INFO    | run_logger | [actions] cli_args {'port': 8501, 'no_browser': False, 'dev': True, 'present': False}
============================================================
  🐄 Breed Classifier — Model Tester GUI
  Mode: 🛠️  Developer
============================================================
[21:02:03.237] [INFO] Application started (mode=dev, port=8501)
[21:02:03.265] [INFO] Loaded cattle class map (57 breeds)
[21:02:03.265] [INFO] Loaded buffalo class map (18 breeds)
[21:02:03.266] [INFO] Found 15 models: lite2_phase1_best, lite2_phase1_best_V3, lite2_phase1_best_V3_2, lite2_phase2_best, lite2_phase2_best_V3, lite2_phase3_best, lite4_phase1_best, lite4_phase2_best, lite4_phase3_best, portable/lite2_lite2_phase2_best, portable/lite2_lite2_phase2_best_V3, portable/lite2_lite2_phase3_best, export/lite2_fp32 (ONNX), export/lite2_mobile_fp32 (ONNX), export/lite2_mobile_int8 (ONNX)
  Device: cuda
  Models found: 15
    • lite2_phase1_best (lite2, 33.0 MB)
    • lite2_phase1_best_V3 (lite2, 33.0 MB)
    • lite2_phase1_best_V3_2 (lite2, 33.0 MB)
    • lite2_phase2_best (lite2, 33.0 MB)
    • lite2_phase2_best_V3 (lite2, 33.0 MB)
    • lite2_phase3_best (lite2, 26.0 MB)
    • lite4_phase1_best (lite4, 51.8 MB)
    • lite4_phase2_best (lite4, 51.8 MB)
    • lite4_phase3_best (lite4, 53.2 MB)
    • portable/lite2_lite2_phase2_best (lite2, 33.0 MB)
    • portable/lite2_lite2_phase2_best_V3 (lite2, 33.0 MB)
    • portable/lite2_lite2_phase3_best (lite2, 26.0 MB)
    • export/lite2_fp32 (ONNX) (lite2, 25.7 MB)
    • export/lite2_mobile_fp32 (ONNX) (lite2, 25.7 MB)
    • export/lite2_mobile_int8 (ONNX) (lite2, 7.1 MB)
[21:02:03.269] [INFO] Session log: E:\ML-CB-B-identifier\outputs\logs\session_20260924_210203.log
  🌐 Model Tester GUI running at http://localhost:8501
  Mode: 🛠️  Developer
  Press Ctrl+C to stop
[21:02:36.841] [INFO] Model selected: portable/lite2_lite2_phase2_best_V3
[21:02:36.842] [INFO] Image received (405.8 KB), model='portable/lite2_lite2_phase2_best_V3'
[21:02:36.884] [INFO] Loading model 'portable/lite2_lite2_phase2_best_V3' from E:\ML-CB-B-identifier\outputs\export\portable\lite2_lite2_phase2_best_V3\model.pt
[21:02:37.111] [INFO] Model loaded in 0.227s (8.54M params, backbone=lite2)
[21:02:37.640] [INFO] Prediction: Buffalo → Nili Ravi (84.8%) in 0.799s (inference: 0.467s)
21:02:37 | INFO    | run_logger | [test] prediction {'model': 'portable/lite2_lite2_phase2_best_V3', 'species': 'Buffalo', 'species_confidence': 92.05, 'top_breed': 'Nili Ravi', 'top_breed_confidence': 84.81, 'top5': ['Nili Ravi', 'Nagpuri', 'Murrah', 'Rathi', 'Tharparkar'], 'latency_ms': 466.7, 'routing': 'soft'}
[21:02:51.547] [INFO] Model selected: portable/lite2_lite2_phase2_best_V3
[21:02:51.547] [INFO] Image received (383.6 KB), model='portable/lite2_lite2_phase2_best_V3'
[21:02:51.601] [INFO] Prediction: Cattle → Bargur (77.8%) in 0.054s (inference: 0.012s)
21:02:51 | INFO    | run_logger | [test] prediction {'model': 'portable/lite2_lite2_phase2_best_V3', 'species': 'Cattle', 'species_confidence': 90.22, 'top_breed': 'Bargur', 'top_breed_confidence': 77.79, 'top5': ['Bargur', 'Bargur', 'Nimari', 'Dangi', 'Malnad Gidda'], 'latency_ms': 11.6, 'routing': 'soft'}
[21:03:09.538] [INFO] Model selected: portable/lite2_lite2_phase2_best_V3
[21:03:09.538] [INFO] Image received (405.8 KB), model='portable/lite2_lite2_phase2_best_V3'
[21:03:09.591] [INFO] Prediction: Buffalo → Nili Ravi (84.8%) in 0.053s (inference: 0.012s)
21:03:09 | INFO    | run_logger | [test] prediction {'model': 'portable/lite2_lite2_phase2_best_V3', 'species': 'Buffalo', 'species_confidence': 92.05, 'top_breed': 'Nili Ravi', 'top_breed_confidence': 84.81, 'top5': ['Nili Ravi', 'Nagpuri', 'Murrah', 'Rathi', 'Tharparkar'], 'latency_ms': 12.3, 'routing': 'soft'}
[21:03:09.597] [INFO] Model selected: portable/lite2_lite2_phase2_best_V3
[21:03:09.598] [INFO] Image received (383.6 KB), model='portable/lite2_lite2_phase2_best_V3'
[21:03:09.651] [INFO] Prediction: Cattle → Bargur (77.8%) in 0.053s (inference: 0.011s)
21:03:09 | INFO    | run_logger | [test] prediction {'model': 'portable/lite2_lite2_phase2_best_V3', 'species': 'Cattle', 'species_confidence': 90.22, 'top_breed': 'Bargur', 'top_breed_confidence': 77.79, 'top5': ['Bargur', 'Bargur', 'Nimari', 'Dangi', 'Malnad Gidda'], 'latency_ms': 11.4, 'routing': 'soft'}
[21:03:09.657] [INFO] Model selected: portable/lite2_lite2_phase2_best_V3
[21:03:09.657] [INFO] Image received (451.1 KB), model='portable/lite2_lite2_phase2_best_V3'
[21:03:09.711] [INFO] Prediction: Cattle → Kenkatha (26.7%) in 0.054s (inference: 0.012s)
21:03:09 | INFO    | run_logger | [test] prediction {'model': 'portable/lite2_lite2_phase2_best_V3', 'species': 'Cattle', 'species_confidence': 97.54, 'top_breed': 'Kenkatha', 'top_breed_confidence': 26.68, 'top5': ['Kenkatha', 'Nagori', 'Amritmahal', 'Deoni', 'Khillar'], 'latency_ms': 11.6, 'routing': 'soft'}
[21:03:09.720] [INFO] Model selected: portable/lite2_lite2_phase2_best_V3
[21:03:09.720] [INFO] Image received (345.1 KB), model='portable/lite2_lite2_phase2_best_V3'
[21:03:09.771] [INFO] Prediction: Cattle → Nagori (28.1%) in 0.051s (inference: 0.012s)
21:03:09 | INFO    | run_logger | [test] prediction {'model': 'portable/lite2_lite2_phase2_best_V3', 'species': 'Cattle', 'species_confidence': 99.08, 'top_breed': 'Nagori', 'top_breed_confidence': 28.09, 'top5': ['Nagori', 'Hallikar', 'Tharparkar', 'Hariana', 'Ongole'], 'latency_ms': 11.9, 'routing': 'soft'}
[21:03:09.780] [INFO] Model selected: portable/lite2_lite2_phase2_best_V3
[21:03:09.780] [INFO] Image received (349.4 KB), model='portable/lite2_lite2_phase2_best_V3'
[21:03:09.830] [INFO] Prediction: Cattle → Hariana (25.9%) in 0.050s (inference: 0.013s)
21:03:09 | INFO    | run_logger | [test] prediction {'model': 'portable/lite2_lite2_phase2_best_V3', 'species': 'Cattle', 'species_confidence': 98.42, 'top_breed': 'Hariana', 'top_breed_confidence': 25.91, 'top5': ['Hariana', 'Kankrej', 'Nagori', 'Ongole', 'Hallikar'], 'latency_ms': 12.5, 'routing': 'soft'}
[21:03:09.841] [INFO] Model selected: portable/lite2_lite2_phase2_best_V3
[21:03:09.841] [INFO] Image received (438.7 KB), model='portable/lite2_lite2_phase2_best_V3'
[21:03:09.892] [INFO] Prediction: Cattle → Hallikar (53.9%) in 0.051s (inference: 0.013s)
21:03:09 | INFO    | run_logger | [test] prediction {'model': 'portable/lite2_lite2_phase2_best_V3', 'species': 'Cattle', 'species_confidence': 98.87, 'top_breed': 'Hallikar', 'top_breed_confidence': 53.88, 'top5': ['Hallikar', 'Kangayam', 'Pulikulam', 'Kankrej', 'Nagori'], 'latency_ms': 13.2, 'routing': 'soft'}
[21:03:09.902] [INFO] Model selected: portable/lite2_lite2_phase2_best_V3
[21:03:09.902] [INFO] Image received (327.7 KB), model='portable/lite2_lite2_phase2_best_V3'
[21:03:09.951] [INFO] Prediction: Cattle → Hariana (19.0%) in 0.049s (inference: 0.011s)
21:03:09 | INFO    | run_logger | [test] prediction {'model': 'portable/lite2_lite2_phase2_best_V3', 'species': 'Cattle', 'species_confidence': 84.67, 'top_breed': 'Hariana', 'top_breed_confidence': 18.98, 'top5': ['Hariana', 'Kenkatha', 'Nili Ravi', 'Rathi', 'Nagori'], 'latency_ms': 10.5, 'routing': 'soft'}
[21:03:09.957] [INFO] Model selected: portable/lite2_lite2_phase2_best_V3
[21:03:09.957] [INFO] Image received (337.6 KB), model='portable/lite2_lite2_phase2_best_V3'
[21:03:10.005] [INFO] Prediction: Buffalo → Jaffarabadi (29.4%) in 0.048s (inference: 0.012s)
21:03:10 | INFO    | run_logger | [test] prediction {'model': 'portable/lite2_lite2_phase2_best_V3', 'species': 'Buffalo', 'species_confidence': 62.81, 'top_breed': 'Jaffarabadi', 'top_breed_confidence': 29.38, 'top5': ['Jaffarabadi', 'Malnad Gidda', 'Nagpuri', 'Toda', 'Sahiwal'], 'latency_ms': 11.6, 'routing': 'soft'}
[21:03:10.014] [INFO] Model selected: portable/lite2_lite2_phase2_best_V3
[21:03:10.015] [INFO] Image received (289.6 KB), model='portable/lite2_lite2_phase2_best_V3'
[21:03:10.067] [INFO] Prediction: Cattle → Nagori (30.8%) in 0.053s (inference: 0.013s)
21:03:10 | INFO    | run_logger | [test] prediction {'model': 'portable/lite2_lite2_phase2_best_V3', 'species': 'Cattle', 'species_confidence': 98.67, 'top_breed': 'Nagori', 'top_breed_confidence': 30.76, 'top5': ['Nagori', 'Ongole', 'Khillar', 'Kherigarh', 'Hariana'], 'latency_ms': 12.8, 'routing': 'soft'}
[21:03:10.075] [INFO] Model selected: portable/lite2_lite2_phase2_best_V3
[21:03:10.075] [INFO] Image received (211.8 KB), model='portable/lite2_lite2_phase2_best_V3'
[21:03:10.120] [INFO] Prediction: Cattle → Gir (84.8%) in 0.044s (inference: 0.010s)
21:03:10 | INFO    | run_logger | [test] prediction {'model': 'portable/lite2_lite2_phase2_best_V3', 'species': 'Cattle', 'species_confidence': 96.02, 'top_breed': 'Gir', 'top_breed_confidence': 84.85, 'top5': ['Gir', 'Bargur', 'Rathi', 'Sahiwal', 'Red Sindhi'], 'latency_ms': 10.4, 'routing': 'soft'}
[21:09:01.107] [INFO] ODT export requested (batch mode)
