15:15:50 | INFO    | run_logger | [actions] run_start {'module': 'test_model', 'argv': ['test_model.py'], 'cwd': 'E:\\ML-CB-B-identifier'}
15:15:50 | INFO    | run_logger | [actions] cli_args {'port': 8501, 'no_browser': False, 'dev': True, 'present': False}
============================================================
  🐄 Breed Classifier — Model Tester GUI
  Mode: 🛠️  Developer
============================================================
[15:15:50.277] [INFO] Application started (mode=dev, port=8501)
[15:15:50.361] [INFO] Loaded cattle class map (46 breeds)
[15:15:50.362] [INFO] Loaded buffalo class map (11 breeds)
[15:15:50.362] [INFO] Found 8 models: lite2_phase1_best_V4, lite2_phase1_best_V4_2, lite2_phase2_best_V4, lite2_phase2_best_V4_2, portable/lite2_lite2_phase2_best_V4_2, export/lite2_25-09-2026-14-57_fp32 (ONNX), export/lite2_25-09-2026-14-57_mobile_fp32 (ONNX), export/lite2_25-09-2026-14-57_mobile_int8 (ONNX)
  Device: cuda
  Models found: 8
    • lite2_phase1_best_V4 (lite2, 34.7 MB)
    • lite2_phase1_best_V4_2 (lite2, 34.7 MB)
    • lite2_phase2_best_V4 (lite2, 34.7 MB)
    • lite2_phase2_best_V4_2 (lite2, 34.7 MB)
    • portable/lite2_lite2_phase2_best_V4_2 (lite2, 34.7 MB)
    • export/lite2_25-09-2026-14-57_fp32 (ONNX) (lite2, 27.4 MB)
    • export/lite2_25-09-2026-14-57_mobile_fp32 (ONNX) (lite2, 27.4 MB)
    • export/lite2_25-09-2026-14-57_mobile_int8 (ONNX) (lite2, 7.6 MB)
[15:15:50.363] [INFO] Session log: E:\ML-CB-B-identifier\outputs\logs\session_20260925_151550.log
  🌐 Model Tester GUI running at http://localhost:8501
  Mode: 🛠️  Developer
  Press Ctrl+C to stop
[15:16:31.919] [INFO] Model selected: portable/lite2_lite2_phase2_best_V4_2
[15:16:31.919] [INFO] Image received (337.6 KB), model='portable/lite2_lite2_phase2_best_V4_2'
[15:16:31.964] [INFO] Loading model 'portable/lite2_lite2_phase2_best_V4_2' from E:\ML-CB-B-identifier\outputs\export\portable\lite2_lite2_phase2_best_V4_2\model.pt
[15:16:32.292] [INFO] Model loaded in 0.327s (9.00M params, backbone=lite2)
[15:16:32.941] [INFO] Prediction: Buffalo → Other Buffalo (42.4%) in 1.022s (inference: 0.583s)
15:16:32 | INFO    | run_logger | [test] prediction {'model': 'portable/lite2_lite2_phase2_best_V4_2', 'species': 'Buffalo', 'species_confidence': 91.33, 'top_breed': 'Other Buffalo', 'top_breed_confidence': 42.42, 'top5': ['Other Buffalo', 'Banni', 'Nagpuri', 'Toda', 'Red Sindhi'], 'latency_ms': 583.2, 'routing': 'soft'}
[15:16:32.950] [INFO] Model selected: portable/lite2_lite2_phase2_best_V4_2
[15:16:32.951] [INFO] Image received (289.6 KB), model='portable/lite2_lite2_phase2_best_V4_2'
[15:16:32.976] [INFO] Prediction: Cattle → Nagori (38.4%) in 0.025s (inference: 0.012s)
15:16:32 | INFO    | run_logger | [test] prediction {'model': 'portable/lite2_lite2_phase2_best_V4_2', 'species': 'Cattle', 'species_confidence': 98.14, 'top_breed': 'Nagori', 'top_breed_confidence': 38.44, 'top5': ['Nagori', 'Light Draught', 'Ongole', 'Kherigarh', 'Tharparkar'], 'latency_ms': 12.2, 'routing': 'soft'}
[15:16:32.981] [INFO] Model selected: portable/lite2_lite2_phase2_best_V4_2
[15:16:32.981] [INFO] Image received (211.8 KB), model='portable/lite2_lite2_phase2_best_V4_2'
[15:16:33.007] [INFO] Prediction: Cattle → Gir (86.7%) in 0.026s (inference: 0.012s)
15:16:33 | INFO    | run_logger | [test] prediction {'model': 'portable/lite2_lite2_phase2_best_V4_2', 'species': 'Cattle', 'species_confidence': 96.44, 'top_breed': 'Gir', 'top_breed_confidence': 86.69, 'top5': ['Gir', 'Rathi', 'Jaffarabadi', 'Pulikulam', 'Bargur'], 'latency_ms': 11.7, 'routing': 'soft'}
[15:16:33.017] [INFO] Model selected: portable/lite2_lite2_phase2_best_V4_2
[15:16:33.017] [INFO] Image received (405.8 KB), model='portable/lite2_lite2_phase2_best_V4_2'
[15:16:33.044] [INFO] Prediction: Cattle → Pulikulam (44.7%) in 0.026s (inference: 0.012s)
15:16:33 | INFO    | run_logger | [test] prediction {'model': 'portable/lite2_lite2_phase2_best_V4_2', 'species': 'Cattle', 'species_confidence': 91.25, 'top_breed': 'Pulikulam', 'top_breed_confidence': 44.71, 'top5': ['Pulikulam', 'Amritmahal', 'Banni', 'Light Draught', 'Malnad Gidda'], 'latency_ms': 12.0, 'routing': 'soft'}
[15:16:33.054] [INFO] Model selected: portable/lite2_lite2_phase2_best_V4_2
[15:16:33.054] [INFO] Image received (383.6 KB), model='portable/lite2_lite2_phase2_best_V4_2'
[15:16:33.079] [INFO] Prediction: Cattle → Bargur (73.9%) in 0.025s (inference: 0.011s)
15:16:33 | INFO    | run_logger | [test] prediction {'model': 'portable/lite2_lite2_phase2_best_V4_2', 'species': 'Cattle', 'species_confidence': 98.14, 'top_breed': 'Bargur', 'top_breed_confidence': 73.88, 'top5': ['Bargur', 'Pulikulam', 'Dangi', 'Amritmahal', 'Nimari'], 'latency_ms': 10.9, 'routing': 'soft'}
[15:16:33.089] [INFO] Model selected: portable/lite2_lite2_phase2_best_V4_2
[15:16:33.089] [INFO] Image received (451.1 KB), model='portable/lite2_lite2_phase2_best_V4_2'
[15:16:33.116] [INFO] Prediction: Cattle → Deoni (76.5%) in 0.027s (inference: 0.011s)
15:16:33 | INFO    | run_logger | [test] prediction {'model': 'portable/lite2_lite2_phase2_best_V4_2', 'species': 'Cattle', 'species_confidence': 98.29, 'top_breed': 'Deoni', 'top_breed_confidence': 76.53, 'top5': ['Deoni', 'Light Draught', 'Khillar', 'Nagpuri', 'Hallikar'], 'latency_ms': 11.4, 'routing': 'soft'}
[15:16:33.125] [INFO] Model selected: portable/lite2_lite2_phase2_best_V4_2
[15:16:33.125] [INFO] Image received (345.1 KB), model='portable/lite2_lite2_phase2_best_V4_2'
[15:16:33.150] [INFO] Prediction: Cattle → Light Draught (54.1%) in 0.025s (inference: 0.011s)
15:16:33 | INFO    | run_logger | [test] prediction {'model': 'portable/lite2_lite2_phase2_best_V4_2', 'species': 'Cattle', 'species_confidence': 96.83, 'top_breed': 'Light Draught', 'top_breed_confidence': 54.1, 'top5': ['Light Draught', 'Tharparkar', 'Ongole', 'Dark Draught', 'Krishna Valley'], 'latency_ms': 10.7, 'routing': 'soft'}
[15:16:33.158] [INFO] Model selected: portable/lite2_lite2_phase2_best_V4_2
[15:16:33.158] [INFO] Image received (349.4 KB), model='portable/lite2_lite2_phase2_best_V4_2'
[15:16:33.183] [INFO] Prediction: Cattle → Kankrej (35.8%) in 0.024s (inference: 0.011s)
15:16:33 | INFO    | run_logger | [test] prediction {'model': 'portable/lite2_lite2_phase2_best_V4_2', 'species': 'Cattle', 'species_confidence': 98.77, 'top_breed': 'Kankrej', 'top_breed_confidence': 35.76, 'top5': ['Kankrej', 'Nagori', 'Tharparkar', 'Light Draught', 'Pulikulam'], 'latency_ms': 11.2, 'routing': 'soft'}
[15:16:33.193] [INFO] Model selected: portable/lite2_lite2_phase2_best_V4_2
[15:16:33.194] [INFO] Image received (438.7 KB), model='portable/lite2_lite2_phase2_best_V4_2'
[15:16:33.218] [INFO] Prediction: Cattle → Hallikar (81.4%) in 0.024s (inference: 0.011s)
15:16:33 | INFO    | run_logger | [test] prediction {'model': 'portable/lite2_lite2_phase2_best_V4_2', 'species': 'Cattle', 'species_confidence': 98.06, 'top_breed': 'Hallikar', 'top_breed_confidence': 81.42, 'top5': ['Hallikar', 'Kangayam', 'Amritmahal', 'Kankrej', 'Nagpuri'], 'latency_ms': 10.8, 'routing': 'soft'}
[15:16:33.227] [INFO] Model selected: portable/lite2_lite2_phase2_best_V4_2
[15:16:33.227] [INFO] Image received (327.7 KB), model='portable/lite2_lite2_phase2_best_V4_2'
[15:16:33.253] [INFO] Prediction: Cattle → Light Draught (36.0%) in 0.026s (inference: 0.012s)
15:16:33 | INFO    | run_logger | [test] prediction {'model': 'portable/lite2_lite2_phase2_best_V4_2', 'species': 'Cattle', 'species_confidence': 54.83, 'top_breed': 'Light Draught', 'top_breed_confidence': 36.02, 'top5': ['Light Draught', 'Nili Ravi', 'Mehsana', 'Banni', 'Rathi'], 'latency_ms': 12.0, 'routing': 'soft'}
[15:23:34.441] [INFO] Model selected: portable/lite2_lite2_phase2_best_V4_2
[15:23:34.441] [INFO] Image received (405.8 KB), model='portable/lite2_lite2_phase2_best_V4_2'
[15:23:34.494] [INFO] Prediction: Cattle → Pulikulam (44.7%) in 0.053s (inference: 0.013s)
15:23:34 | INFO    | run_logger | [test] prediction {'model': 'portable/lite2_lite2_phase2_best_V4_2', 'species': 'Cattle', 'species_confidence': 91.25, 'top_breed': 'Pulikulam', 'top_breed_confidence': 44.71, 'top5': ['Pulikulam', 'Amritmahal', 'Banni', 'Light Draught', 'Malnad Gidda'], 'latency_ms': 13.3, 'routing': 'soft'}
[15:23:34.501] [INFO] Model selected: portable/lite2_lite2_phase2_best_V4_2
[15:23:34.501] [INFO] Image received (383.6 KB), model='portable/lite2_lite2_phase2_best_V4_2'
[15:23:34.560] [INFO] Prediction: Cattle → Bargur (73.9%) in 0.058s (inference: 0.012s)
15:23:34 | INFO    | run_logger | [test] prediction {'model': 'portable/lite2_lite2_phase2_best_V4_2', 'species': 'Cattle', 'species_confidence': 98.14, 'top_breed': 'Bargur', 'top_breed_confidence': 73.88, 'top5': ['Bargur', 'Pulikulam', 'Dangi', 'Amritmahal', 'Nimari'], 'latency_ms': 12.0, 'routing': 'soft'}
[15:23:34.567] [INFO] Model selected: portable/lite2_lite2_phase2_best_V4_2
[15:23:34.568] [INFO] Image received (451.1 KB), model='portable/lite2_lite2_phase2_best_V4_2'
[15:23:34.623] [INFO] Prediction: Cattle → Deoni (76.5%) in 0.055s (inference: 0.011s)
15:23:34 | INFO    | run_logger | [test] prediction {'model': 'portable/lite2_lite2_phase2_best_V4_2', 'species': 'Cattle', 'species_confidence': 98.29, 'top_breed': 'Deoni', 'top_breed_confidence': 76.53, 'top5': ['Deoni', 'Light Draught', 'Khillar', 'Nagpuri', 'Hallikar'], 'latency_ms': 11.4, 'routing': 'soft'}
[15:23:34.630] [INFO] Model selected: portable/lite2_lite2_phase2_best_V4_2
[15:23:34.631] [INFO] Image received (345.1 KB), model='portable/lite2_lite2_phase2_best_V4_2'
[15:23:34.683] [INFO] Prediction: Cattle → Light Draught (54.1%) in 0.052s (inference: 0.013s)
15:23:34 | INFO    | run_logger | [test] prediction {'model': 'portable/lite2_lite2_phase2_best_V4_2', 'species': 'Cattle', 'species_confidence': 96.83, 'top_breed': 'Light Draught', 'top_breed_confidence': 54.1, 'top5': ['Light Draught', 'Tharparkar', 'Ongole', 'Dark Draught', 'Krishna Valley'], 'latency_ms': 12.8, 'routing': 'soft'}
[15:23:34.690] [INFO] Model selected: portable/lite2_lite2_phase2_best_V4_2
[15:23:34.691] [INFO] Image received (349.4 KB), model='portable/lite2_lite2_phase2_best_V4_2'
[15:23:34.746] [INFO] Prediction: Cattle → Kankrej (35.8%) in 0.055s (inference: 0.013s)
15:23:34 | INFO    | run_logger | [test] prediction {'model': 'portable/lite2_lite2_phase2_best_V4_2', 'species': 'Cattle', 'species_confidence': 98.77, 'top_breed': 'Kankrej', 'top_breed_confidence': 35.76, 'top5': ['Kankrej', 'Nagori', 'Tharparkar', 'Light Draught', 'Pulikulam'], 'latency_ms': 12.8, 'routing': 'soft'}
[15:23:34.754] [INFO] Model selected: portable/lite2_lite2_phase2_best_V4_2
[15:23:34.754] [INFO] Image received (438.7 KB), model='portable/lite2_lite2_phase2_best_V4_2'
[15:23:34.806] [INFO] Prediction: Cattle → Hallikar (81.4%) in 0.052s (inference: 0.012s)
15:23:34 | INFO    | run_logger | [test] prediction {'model': 'portable/lite2_lite2_phase2_best_V4_2', 'species': 'Cattle', 'species_confidence': 98.06, 'top_breed': 'Hallikar', 'top_breed_confidence': 81.42, 'top5': ['Hallikar', 'Kangayam', 'Amritmahal', 'Kankrej', 'Nagpuri'], 'latency_ms': 11.7, 'routing': 'soft'}
[15:23:34.812] [INFO] Model selected: portable/lite2_lite2_phase2_best_V4_2
[15:23:34.812] [INFO] Image received (327.7 KB), model='portable/lite2_lite2_phase2_best_V4_2'
[15:23:34.863] [INFO] Prediction: Cattle → Light Draught (36.0%) in 0.051s (inference: 0.012s)
15:23:34 | INFO    | run_logger | [test] prediction {'model': 'portable/lite2_lite2_phase2_best_V4_2', 'species': 'Cattle', 'species_confidence': 54.83, 'top_breed': 'Light Draught', 'top_breed_confidence': 36.02, 'top5': ['Light Draught', 'Nili Ravi', 'Mehsana', 'Banni', 'Rathi'], 'latency_ms': 12.2, 'routing': 'soft'}
[15:23:34.870] [INFO] Model selected: portable/lite2_lite2_phase2_best_V4_2
[15:23:34.870] [INFO] Image received (337.6 KB), model='portable/lite2_lite2_phase2_best_V4_2'
[15:23:34.920] [INFO] Prediction: Buffalo → Other Buffalo (42.4%) in 0.049s (inference: 0.013s)
15:23:34 | INFO    | run_logger | [test] prediction {'model': 'portable/lite2_lite2_phase2_best_V4_2', 'species': 'Buffalo', 'species_confidence': 91.33, 'top_breed': 'Other Buffalo', 'top_breed_confidence': 42.42, 'top5': ['Other Buffalo', 'Banni', 'Nagpuri', 'Toda', 'Red Sindhi'], 'latency_ms': 13.0, 'routing': 'soft'}
[15:23:34.926] [INFO] Model selected: portable/lite2_lite2_phase2_best_V4_2
[15:23:34.926] [INFO] Image received (289.6 KB), model='portable/lite2_lite2_phase2_best_V4_2'
[15:23:34.956] [INFO] Prediction: Cattle → Nagori (38.4%) in 0.030s (inference: 0.013s)
15:23:34 | INFO    | run_logger | [test] prediction {'model': 'portable/lite2_lite2_phase2_best_V4_2', 'species': 'Cattle', 'species_confidence': 98.14, 'top_breed': 'Nagori', 'top_breed_confidence': 38.44, 'top5': ['Nagori', 'Light Draught', 'Ongole', 'Kherigarh', 'Tharparkar'], 'latency_ms': 12.6, 'routing': 'soft'}
[15:23:34.962] [INFO] Model selected: portable/lite2_lite2_phase2_best_V4_2
[15:23:34.962] [INFO] Image received (211.8 KB), model='portable/lite2_lite2_phase2_best_V4_2'
[15:23:34.991] [INFO] Prediction: Cattle → Gir (86.7%) in 0.029s (inference: 0.013s)
15:23:34 | INFO    | run_logger | [test] prediction {'model': 'portable/lite2_lite2_phase2_best_V4_2', 'species': 'Cattle', 'species_confidence': 96.44, 'top_breed': 'Gir', 'top_breed_confidence': 86.69, 'top5': ['Gir', 'Rathi', 'Jaffarabadi', 'Pulikulam', 'Bargur'], 'latency_ms': 13.4, 'routing': 'soft'}
[15:23:47.458] [INFO] ODT export requested (batch mode)
[18:34:22.021] [INFO] Model selected: portable/lite2_lite2_phase2_best_V4_2
[18:34:22.024] [INFO] Image received (143.5 KB), model='portable/lite2_lite2_phase2_best_V4_2'
[18:34:22.607] [INFO] Prediction: Cattle → Light Draught (29.5%) in 0.583s (inference: 0.261s)
18:34:22 | INFO    | run_logger | [test] prediction {'model': 'portable/lite2_lite2_phase2_best_V4_2', 'species': 'Cattle', 'species_confidence': 91.77, 'top_breed': 'Light Draught', 'top_breed_confidence': 29.51, 'top5': ['Light Draught', 'Hallikar', 'Nagori', 'Pulikulam', 'Other Buffalo'], 'latency_ms': 261.3, 'routing': 'soft'}
[18:34:34.824] [INFO] Model selected: portable/lite2_lite2_phase2_best_V4_2
[18:34:34.824] [INFO] Image received (143.5 KB), model='portable/lite2_lite2_phase2_best_V4_2'
[18:34:34.882] [INFO] Prediction: Cattle → Light Draught (29.5%) in 0.058s (inference: 0.011s)
18:34:34 | INFO    | run_logger | [test] prediction {'model': 'portable/lite2_lite2_phase2_best_V4_2', 'species': 'Cattle', 'species_confidence': 91.77, 'top_breed': 'Light Draught', 'top_breed_confidence': 29.51, 'top5': ['Light Draught', 'Hallikar', 'Nagori', 'Pulikulam', 'Other Buffalo'], 'latency_ms': 11.1, 'routing': 'soft'}
[18:34:34.887] [INFO] Model selected: portable/lite2_lite2_phase2_best_V4_2
[18:34:34.888] [INFO] Image received (96.4 KB), model='portable/lite2_lite2_phase2_best_V4_2'
[18:34:34.946] [INFO] Prediction: Cattle → Bargur (98.6%) in 0.059s (inference: 0.011s)
18:34:34 | INFO    | run_logger | [test] prediction {'model': 'portable/lite2_lite2_phase2_best_V4_2', 'species': 'Cattle', 'species_confidence': 98.79, 'top_breed': 'Bargur', 'top_breed_confidence': 98.56, 'top5': ['Bargur', 'Nagpuri', 'Nimari', 'Other Buffalo', 'Mehsana'], 'latency_ms': 11.5, 'routing': 'soft'}
[18:34:34.951] [INFO] Model selected: portable/lite2_lite2_phase2_best_V4_2
[18:34:34.951] [INFO] Image received (17.8 KB), model='portable/lite2_lite2_phase2_best_V4_2'
[18:34:34.995] [INFO] Prediction: Cattle → Bargur (72.5%) in 0.044s (inference: 0.011s)
18:34:34 | INFO    | run_logger | [test] prediction {'model': 'portable/lite2_lite2_phase2_best_V4_2', 'species': 'Cattle', 'species_confidence': 89.19, 'top_breed': 'Bargur', 'top_breed_confidence': 72.49, 'top5': ['Bargur', 'Nimari', 'Bhadawari', 'Nili Ravi', 'Rathi'], 'latency_ms': 11.2, 'routing': 'soft'}
[18:34:35.000] [INFO] Model selected: portable/lite2_lite2_phase2_best_V4_2
[18:34:35.001] [INFO] Image received (44.2 KB), model='portable/lite2_lite2_phase2_best_V4_2'
[18:34:35.048] [INFO] Prediction: Cattle → Deoni (33.6%) in 0.047s (inference: 0.011s)
18:34:35 | INFO    | run_logger | [test] prediction {'model': 'portable/lite2_lite2_phase2_best_V4_2', 'species': 'Cattle', 'species_confidence': 96.32, 'top_breed': 'Deoni', 'top_breed_confidence': 33.56, 'top5': ['Deoni', 'Dangi', 'Light Draught', 'Pulikulam', 'Ongole'], 'latency_ms': 10.5, 'routing': 'soft'}
[18:34:35.053] [INFO] Model selected: portable/lite2_lite2_phase2_best_V4_2
[18:34:35.053] [INFO] Image received (15.7 KB), model='portable/lite2_lite2_phase2_best_V4_2'
[18:34:35.098] [INFO] Prediction: Cattle → Deoni (37.7%) in 0.044s (inference: 0.010s)
18:34:35 | INFO    | run_logger | [test] prediction {'model': 'portable/lite2_lite2_phase2_best_V4_2', 'species': 'Cattle', 'species_confidence': 98.32, 'top_breed': 'Deoni', 'top_breed_confidence': 37.7, 'top5': ['Deoni', 'Mewati', 'Light Draught', 'Krishna Valley', 'Dangi'], 'latency_ms': 10.5, 'routing': 'soft'}
[18:34:35.103] [INFO] Model selected: portable/lite2_lite2_phase2_best_V4_2
[18:34:35.104] [INFO] Image received (276.8 KB), model='portable/lite2_lite2_phase2_best_V4_2'
[18:34:35.158] [INFO] Prediction: Cattle → Sahiwal (34.5%) in 0.054s (inference: 0.011s)
18:34:35 | INFO    | run_logger | [test] prediction {'model': 'portable/lite2_lite2_phase2_best_V4_2', 'species': 'Cattle', 'species_confidence': 93.19, 'top_breed': 'Sahiwal', 'top_breed_confidence': 34.47, 'top5': ['Sahiwal', 'Tharparkar', 'Gir', 'Red Sindhi', 'Light Draught'], 'latency_ms': 11.0, 'routing': 'soft'}
[18:34:35.165] [INFO] Model selected: portable/lite2_lite2_phase2_best_V4_2
[18:34:35.165] [INFO] Image received (16.6 KB), model='portable/lite2_lite2_phase2_best_V4_2'
[18:34:35.207] [INFO] Prediction: Cattle → Gir (27.3%) in 0.041s (inference: 0.012s)
18:34:35 | INFO    | run_logger | [test] prediction {'model': 'portable/lite2_lite2_phase2_best_V4_2', 'species': 'Cattle', 'species_confidence': 69.7, 'top_breed': 'Gir', 'top_breed_confidence': 27.28, 'top5': ['Gir', 'Other Buffalo', 'Krishna Valley', 'Kosali', 'Mewati'], 'latency_ms': 11.9, 'routing': 'soft'}
[18:34:35.212] [INFO] Model selected: portable/lite2_lite2_phase2_best_V4_2
[18:34:35.212] [INFO] Image received (13.1 KB), model='portable/lite2_lite2_phase2_best_V4_2'
[18:34:35.252] [INFO] Prediction: Buffalo → Other Buffalo (43.1%) in 0.040s (inference: 0.010s)
18:34:35 | INFO    | run_logger | [test] prediction {'model': 'portable/lite2_lite2_phase2_best_V4_2', 'species': 'Buffalo', 'species_confidence': 65.26, 'top_breed': 'Other Buffalo', 'top_breed_confidence': 43.06, 'top5': ['Other Buffalo', 'Krishna Valley', 'Bhadawari', 'Nagpuri', 'Pulikulam'], 'latency_ms': 10.4, 'routing': 'soft'}
[18:34:35.258] [INFO] Model selected: portable/lite2_lite2_phase2_best_V4_2
[18:34:35.258] [INFO] Image received (92.5 KB), model='portable/lite2_lite2_phase2_best_V4_2'
[18:34:35.312] [INFO] Prediction: Cattle → Nagori (61.6%) in 0.053s (inference: 0.011s)
18:34:35 | INFO    | run_logger | [test] prediction {'model': 'portable/lite2_lite2_phase2_best_V4_2', 'species': 'Cattle', 'species_confidence': 97.83, 'top_breed': 'Nagori', 'top_breed_confidence': 61.61, 'top5': ['Nagori', 'Light Draught', 'Tharparkar', 'Kherigarh', 'Ongole'], 'latency_ms': 11.3, 'routing': 'soft'}
[18:34:35.317] [INFO] Model selected: portable/lite2_lite2_phase2_best_V4_2
[18:34:35.317] [INFO] Image received (12.9 KB), model='portable/lite2_lite2_phase2_best_V4_2'
[18:34:35.353] [INFO] Prediction: Cattle → Nimari (27.7%) in 0.036s (inference: 0.010s)
18:34:35 | INFO    | run_logger | [test] prediction {'model': 'portable/lite2_lite2_phase2_best_V4_2', 'species': 'Cattle', 'species_confidence': 95.4, 'top_breed': 'Nimari', 'top_breed_confidence': 27.7, 'top5': ['Nimari', 'Umblachery', 'Vechur', 'Kankrej', 'Light Draught'], 'latency_ms': 10.5, 'routing': 'soft'}
[18:36:57.788] [INFO] Model selected: portable/lite2_lite2_phase2_best_V4_2
[18:36:57.788] [INFO] Image received (143.5 KB), model='portable/lite2_lite2_phase2_best_V4_2'
[18:36:57.846] [INFO] Prediction: Cattle → Light Draught (29.5%) in 0.058s (inference: 0.011s)
18:36:57 | INFO    | run_logger | [test] prediction {'model': 'portable/lite2_lite2_phase2_best_V4_2', 'species': 'Cattle', 'species_confidence': 91.77, 'top_breed': 'Light Draught', 'top_breed_confidence': 29.51, 'top5': ['Light Draught', 'Hallikar', 'Nagori', 'Pulikulam', 'Other Buffalo'], 'latency_ms': 11.0, 'routing': 'soft'}
[18:37:08.877] [INFO] Model selected: portable/lite2_lite2_phase2_best_V4_2
[18:37:08.877] [INFO] Image received (143.5 KB), model='portable/lite2_lite2_phase2_best_V4_2'
[18:37:08.935] [INFO] Prediction: Cattle → Light Draught (29.5%) in 0.057s (inference: 0.011s)
18:37:08 | INFO    | run_logger | [test] prediction {'model': 'portable/lite2_lite2_phase2_best_V4_2', 'species': 'Cattle', 'species_confidence': 91.77, 'top_breed': 'Light Draught', 'top_breed_confidence': 29.51, 'top5': ['Light Draught', 'Hallikar', 'Nagori', 'Pulikulam', 'Other Buffalo'], 'latency_ms': 10.9, 'routing': 'soft'}
[18:37:08.940] [INFO] Model selected: portable/lite2_lite2_phase2_best_V4_2
[18:37:08.940] [INFO] Image received (96.4 KB), model='portable/lite2_lite2_phase2_best_V4_2'
[18:37:08.997] [INFO] Prediction: Cattle → Bargur (98.6%) in 0.057s (inference: 0.011s)
18:37:08 | INFO    | run_logger | [test] prediction {'model': 'portable/lite2_lite2_phase2_best_V4_2', 'species': 'Cattle', 'species_confidence': 98.79, 'top_breed': 'Bargur', 'top_breed_confidence': 98.56, 'top5': ['Bargur', 'Nagpuri', 'Nimari', 'Other Buffalo', 'Mehsana'], 'latency_ms': 11.2, 'routing': 'soft'}
[18:37:09.002] [INFO] Model selected: portable/lite2_lite2_phase2_best_V4_2
[18:37:09.003] [INFO] Image received (17.8 KB), model='portable/lite2_lite2_phase2_best_V4_2'
[18:37:09.047] [INFO] Prediction: Cattle → Bargur (72.5%) in 0.044s (inference: 0.011s)
18:37:09 | INFO    | run_logger | [test] prediction {'model': 'portable/lite2_lite2_phase2_best_V4_2', 'species': 'Cattle', 'species_confidence': 89.19, 'top_breed': 'Bargur', 'top_breed_confidence': 72.49, 'top5': ['Bargur', 'Nimari', 'Bhadawari', 'Nili Ravi', 'Rathi'], 'latency_ms': 10.7, 'routing': 'soft'}
[18:37:09.052] [INFO] Model selected: portable/lite2_lite2_phase2_best_V4_2
[18:37:09.052] [INFO] Image received (44.2 KB), model='portable/lite2_lite2_phase2_best_V4_2'
[18:37:09.098] [INFO] Prediction: Cattle → Deoni (33.6%) in 0.046s (inference: 0.012s)
18:37:09 | INFO    | run_logger | [test] prediction {'model': 'portable/lite2_lite2_phase2_best_V4_2', 'species': 'Cattle', 'species_confidence': 96.32, 'top_breed': 'Deoni', 'top_breed_confidence': 33.56, 'top5': ['Deoni', 'Dangi', 'Light Draught', 'Pulikulam', 'Ongole'], 'latency_ms': 11.8, 'routing': 'soft'}
[18:37:09.103] [INFO] Model selected: portable/lite2_lite2_phase2_best_V4_2
[18:37:09.103] [INFO] Image received (15.7 KB), model='portable/lite2_lite2_phase2_best_V4_2'
[18:37:09.143] [INFO] Prediction: Cattle → Deoni (37.7%) in 0.040s (inference: 0.011s)
18:37:09 | INFO    | run_logger | [test] prediction {'model': 'portable/lite2_lite2_phase2_best_V4_2', 'species': 'Cattle', 'species_confidence': 98.32, 'top_breed': 'Deoni', 'top_breed_confidence': 37.7, 'top5': ['Deoni', 'Mewati', 'Light Draught', 'Krishna Valley', 'Dangi'], 'latency_ms': 11.1, 'routing': 'soft'}
[18:37:09.148] [INFO] Model selected: portable/lite2_lite2_phase2_best_V4_2
[18:37:09.148] [INFO] Image received (276.8 KB), model='portable/lite2_lite2_phase2_best_V4_2'
[18:37:09.201] [INFO] Prediction: Cattle → Sahiwal (34.5%) in 0.053s (inference: 0.011s)
18:37:09 | INFO    | run_logger | [test] prediction {'model': 'portable/lite2_lite2_phase2_best_V4_2', 'species': 'Cattle', 'species_confidence': 93.19, 'top_breed': 'Sahiwal', 'top_breed_confidence': 34.47, 'top5': ['Sahiwal', 'Tharparkar', 'Gir', 'Red Sindhi', 'Light Draught'], 'latency_ms': 11.1, 'routing': 'soft'}
[18:37:09.206] [INFO] Model selected: portable/lite2_lite2_phase2_best_V4_2
[18:37:09.206] [INFO] Image received (16.6 KB), model='portable/lite2_lite2_phase2_best_V4_2'
[18:37:09.247] [INFO] Prediction: Cattle → Gir (27.3%) in 0.041s (inference: 0.012s)
18:37:09 | INFO    | run_logger | [test] prediction {'model': 'portable/lite2_lite2_phase2_best_V4_2', 'species': 'Cattle', 'species_confidence': 69.7, 'top_breed': 'Gir', 'top_breed_confidence': 27.28, 'top5': ['Gir', 'Other Buffalo', 'Krishna Valley', 'Kosali', 'Mewati'], 'latency_ms': 12.0, 'routing': 'soft'}
[18:37:09.252] [INFO] Model selected: portable/lite2_lite2_phase2_best_V4_2
[18:37:09.252] [INFO] Image received (13.1 KB), model='portable/lite2_lite2_phase2_best_V4_2'
[18:37:09.292] [INFO] Prediction: Buffalo → Other Buffalo (43.1%) in 0.040s (inference: 0.010s)
18:37:09 | INFO    | run_logger | [test] prediction {'model': 'portable/lite2_lite2_phase2_best_V4_2', 'species': 'Buffalo', 'species_confidence': 65.26, 'top_breed': 'Other Buffalo', 'top_breed_confidence': 43.06, 'top5': ['Other Buffalo', 'Krishna Valley', 'Bhadawari', 'Nagpuri', 'Pulikulam'], 'latency_ms': 10.4, 'routing': 'soft'}
[18:37:09.297] [INFO] Model selected: portable/lite2_lite2_phase2_best_V4_2
[18:37:09.297] [INFO] Image received (92.5 KB), model='portable/lite2_lite2_phase2_best_V4_2'
[18:37:09.332] [INFO] Prediction: Cattle → Nagori (61.6%) in 0.035s (inference: 0.011s)
18:37:09 | INFO    | run_logger | [test] prediction {'model': 'portable/lite2_lite2_phase2_best_V4_2', 'species': 'Cattle', 'species_confidence': 97.83, 'top_breed': 'Nagori', 'top_breed_confidence': 61.61, 'top5': ['Nagori', 'Light Draught', 'Tharparkar', 'Kherigarh', 'Ongole'], 'latency_ms': 11.1, 'routing': 'soft'}
[18:37:09.337] [INFO] Model selected: portable/lite2_lite2_phase2_best_V4_2
[18:37:09.338] [INFO] Image received (12.9 KB), model='portable/lite2_lite2_phase2_best_V4_2'
[18:37:09.360] [INFO] Prediction: Cattle → Nimari (27.7%) in 0.022s (inference: 0.011s)
18:37:09 | INFO    | run_logger | [test] prediction {'model': 'portable/lite2_lite2_phase2_best_V4_2', 'species': 'Cattle', 'species_confidence': 95.4, 'top_breed': 'Nimari', 'top_breed_confidence': 27.7, 'top5': ['Nimari', 'Umblachery', 'Vechur', 'Kankrej', 'Light Draught'], 'latency_ms': 10.9, 'routing': 'soft'}
[18:37:17.881] [INFO] ODT export requested (batch mode)
